main.c:166:5:det	24	static
main.c:170:5:isCollision	64	static
main.c:194:5:isOutOfRange	24	static
main.c:202:5:changeBulletPos	16	static
main.c:220:5:changeFlyPos	24	static
main.c:233:6:setHeroFire	16	static
main.c:279:6:enemy_LED	8	static
main.c:285:6:hero_LED	8	static
main.c:294:6:estimate	21528	static
main.c:398:6:move	32	static
main.c:419:6:bullet_move	64	static
main.c:466:6:move_fly	56	static
main.c:494:5:is_fire	24	static
main.c:507:8:bullet_factory	64	static
main.c:515:6:fire_factory	64	static
main.c:580:5:fly_factory	536	static
main.c:620:6:add_heart_bul	432	static
main.c:637:6:generate_bullet	144	static
main.c:678:6:generate_fly	496	static
main.c:694:6:DrawMyLine	40	static
main.c:706:6:draw_fly	24	static
main.c:759:6:draw_fly_simple	24	static
main.c:793:6:draw_bullet	40	static
main.c:796:6:draw_screen	48	static
main.c:824:6:clear_screen	40	static
main.c:840:6:control	8	static
main.c:850:6:BossControl	8	static
main.c:860:5:isHitBoss	56	static
main.c:871:6:estimateBoss	4120	static
main.c:900:6:BossAction	64	static
main.c:963:6:drawBoss	16	static
main.c:987:6:clearBoss	16	static
main.c:1003:6:HAL_GPIO_EXTI_Callback	16	static
main.c:1033:6:updateBossHp	16	static
main.c:1039:6:updateInfo	16	static
main.c:1045:6:init_game	8	static
main.c:1059:6:init_boss	4	static
main.c:1068:6:init_level	536	static
main.c:1137:6:change_level	4	static
main.c:1149:5:main	48	static
main.c:1308:6:SystemClock_Config	72	static
main.c:1349:6:Error_Handler	4	static
